// Jest Snapshot v1, https://goo.gl/fbAQLP

exports[`createStore 1`] = `"current state can't be undefined, use null instead"`;
