// Jest Snapshot v1, https://goo.gl/fbAQLP

exports[`should throw on self-references 1`] = `"Self reference"`;
