// Jest Snapshot v1, https://goo.gl/fbAQLP

exports[`click counter 1`] = `"Counter: 0Increment"`;

exports[`click counter 2`] = `"Counter: 1Increment"`;

exports[`refined api 1`] = `"Text: fooCounter: 1"`;

exports[`refined api 2`] = `"Text: barCounter: 1"`;
