// Jest Snapshot v1, https://goo.gl/fbAQLP

exports[`createStore 1`] = `"createStore: First argument can't be undefined, use null instead."`;
