// Jest Snapshot v1, https://goo.gl/fbAQLP

exports[`child gate usage: child gate usage 1`] = `""`;

exports[`gate with props: gate with props 1`] = `""`;
